deg-18 metric (21 params), basis: all monomials to degree 16, ngl = 24
D6 class sizes found: [1, 2, 2, 1, 3, 3]  (expect [1,2,2,1,3,3])
basis dimension 119 of 153

level   lam_DHHKW   lam_slice    lam_link  deg  irrep  character (e, r1, r2, r3, s_v, s_e)
    1     2.00000     6.00000     12.0000    2     E1   2.000  1.000 -1.000 -2.000 -0.000  0.000
    2     4.74276    14.22828     28.4566    2     E2   2.000 -1.000 -1.000  2.000  0.000  0.000
    3     6.32277    18.96832     37.9366    1     A1   1.000  1.000  1.000  1.000  1.000  1.000
    4     7.23816    21.71447     43.4289    1     B1   1.000 -1.000  1.000 -1.000  1.000 -1.000
    5     9.58011    28.74032     57.4806    1     B2   1.000 -1.000  1.000 -1.000 -1.000  1.000
    6    11.15026    33.45077     66.9015    2     E1   2.000  1.000 -1.000 -2.000  0.000 -0.000
    7    12.31061    36.93184     73.8637    2     E2   2.000 -1.000 -1.000  2.000  0.000  0.000
    8    17.09405    51.28215    102.5643    1     A1   1.000  1.000  1.000  1.000  1.000  1.000
    9    17.70172    53.10515    106.2103    2     E1   2.000  1.000 -1.000 -2.000 -0.000  0.000
   10    17.98978    53.96935    107.9387    2     E2   2.000 -1.000 -1.000  2.000  0.000  0.000
   11    21.58700    64.76101    129.5220    1     B1   1.000 -1.000  1.000 -1.000  1.000 -1.000
   12    24.18007    72.54022    145.0804    1     A1   1.000  1.000  1.000  1.000  1.000  1.000
   13    24.36406    73.09219    146.1844    1     A2   1.000  1.000  1.000  1.000 -1.000 -1.000
   14    25.36037    76.08112    152.1622    2     E1   2.000  1.000 -1.000 -2.000 -0.000  0.000

lowest trivial (A1) levels, DHHKW units: ['6.32277', '17.09405', '24.18007']
moment-map level: lambda_DHHKW = 2.00000000, 2.00000000  (exact 2 = 2 Lambda); link value 12.000000 (exact 12)

FAILURES: none
