
=== conifold (square)  (d = 4, kernel k = 1) ===
  D=  8  bubbles=  12 | poly bubble max|E-1/2| @ngl24: 5.88e-15 | poly bubble max|E-1/2| @ngl96: 7.66e-15
  D=  8  trial=  16 | Wachspress max|E-1/2| above kernel @ngl24: 5.11e-15 | Wachspress max|E-1/2| above kernel @ngl96: 6.77e-15
  D= 12  bubbles=  42 | poly bubble max|E-1/2| @ngl24: 5.16e-14 | poly bubble max|E-1/2| @ngl96: 7.59e-14
  D= 12  trial=  46 | Wachspress max|E-1/2| above kernel @ngl24: 3.40e-14 | Wachspress max|E-1/2| above kernel @ngl96: 7.38e-14
  D= 16  bubbles=  88 | poly bubble max|E-1/2| @ngl24: 6.46e-12 | poly bubble max|E-1/2| @ngl96: 4.75e-12
  D= 16  trial=  92 | Wachspress max|E-1/2| above kernel @ngl24: 1.56e-12 | Wachspress max|E-1/2| above kernel @ngl96: 4.98e-12

=== Y^{3,2}  (d = 4, kernel k = 1) ===
  D=  8  bubbles=  12 | poly bubble max|E-1/2| @ngl24: 1.07e-14 | poly bubble max|E-1/2| @ngl96: 2.28e-14
  D=  8  trial=  16 | Wachspress max|E-1/2| above kernel @ngl24: 3.40e-14 | Wachspress max|E-1/2| above kernel @ngl96: 8.18e-14
  D= 12  bubbles=  42 | poly bubble max|E-1/2| @ngl24: 4.32e-12 | poly bubble max|E-1/2| @ngl96: 9.55e-12
  D= 12  trial=  46 | Wachspress max|E-1/2| above kernel @ngl24: 5.73e-12 | Wachspress max|E-1/2| above kernel @ngl96: 8.73e-12
  D= 16  bubbles=  88 | poly bubble max|E-1/2| @ngl24: 3.35e-09 | poly bubble max|E-1/2| @ngl96: 2.67e-09
  D= 16  trial=  92 | Wachspress max|E-1/2| above kernel @ngl24: 1.04e-09 | Wachspress max|E-1/2| above kernel @ngl96: 1.50e-09

=== dP3 (hexagon)  (d = 6, kernel k = 3) ===
  D=  8  bubbles=   3 | poly bubble max|E-1/2| @ngl24: 3.22e-15 | poly bubble max|E-1/2| @ngl96: 5.22e-15
  D=  8  trial=   9 | Wachspress max|E-1/2| above kernel @ngl24: 3.89e-15 | Wachspress max|E-1/2| above kernel @ngl96: 6.99e-15
  D= 12  bubbles=  25 | poly bubble max|E-1/2| @ngl24: 1.35e-14 | poly bubble max|E-1/2| @ngl96: 3.44e-14
  D= 12  trial=  31 | Wachspress max|E-1/2| above kernel @ngl24: 8.83e-15 | Wachspress max|E-1/2| above kernel @ngl96: 2.36e-14
  D= 16  bubbles=  63 | poly bubble max|E-1/2| @ngl24: 4.50e-12 | poly bubble max|E-1/2| @ngl96: 2.73e-12
  D= 16  trial=  69 | Wachspress max|E-1/2| above kernel @ngl24: 4.39e-13 | Wachspress max|E-1/2| above kernel @ngl96: 3.17e-12
  b* = (np.float64(3.0), np.float64(-0.0), np.float64(0.331184))   vol = 0.251420 pi^3
  SE fit, degree 14 (117 params): train 3.218e-14  held-out 6.041e-14   (paper: 6.04e-14)

=== dP2 (pentagon) at b*  (d = 5, kernel k = 2) ===
  D=  8  bubbles=   7 | poly bubble max|E-1/2| @ngl24: 3.00e-15 | poly bubble max|E-1/2| @ngl96: 6.00e-15
  D=  8  trial=  12 | Wachspress max|E-1/2| above kernel @ngl24: 3.33e-15 | Wachspress max|E-1/2| above kernel @ngl96: 6.44e-15
  D= 12  bubbles=  33 | poly bubble max|E-1/2| @ngl24: 1.70e-13 | poly bubble max|E-1/2| @ngl96: 1.53e-13
  D= 12  trial=  38 | Wachspress max|E-1/2| above kernel @ngl24: 5.27e-14 | Wachspress max|E-1/2| above kernel @ngl96: 1.93e-13
  D= 16  bubbles=  75 | poly bubble max|E-1/2| @ngl24: 7.05e-11 | poly bubble max|E-1/2| @ngl96: 3.08e-11
  D= 16  trial=  80 | Wachspress max|E-1/2| above kernel @ngl24: 1.61e-11 | Wachspress max|E-1/2| above kernel @ngl96: 4.38e-11
